10:16:34 **** Incremental Build of configuration Debug for project 12_timers ****
make -j11 all 
arm-none-eabi-gcc "../Src/main.c" -mcpu=cortex-m4 -std=gnu11 -g3 -DDEBUG -DNUCLEO_F411RE -DSTM32 -DSTM32F4 -DSTM32F411RETx -DSTM32F411xE -c -I../Inc -I/Users/garrettfalast/STM/chip_headers/CMSIS/Device/ST/STM32F4xx/Include -I/Users/garrettfalast/STM/chip_headers/CMSIS/Include -O0 -ffunction-sections -fdata-sections -Wall -fstack-usage -fcyclomatic-complexity -MMD -MP -MF"Src/main.d" -MT"Src/main.o" --specs=nano.specs -mfpu=fpv4-sp-d16 -mfloat-abi=hard -mthumb -o "Src/main.o"
arm-none-eabi-gcc -o "12_timers.elf" @"objects.list"   -mcpu=cortex-m4 -T"/Users/garrettfalast/STM/12_timers/STM32F411RETX_FLASH.ld" --specs=nosys.specs -Wl,-Map="12_timers.map" -Wl,--gc-sections -static --specs=nano.specs -mfpu=fpv4-sp-d16 -mfloat-abi=hard -mthumb -Wl,--start-group -lc -lm -Wl,--end-group
Finished building target: 12_timers.elf
 
arm-none-eabi-size  12_timers.elf 
arm-none-eabi-objdump -h -S 12_timers.elf  > "12_timers.list"
   text	   data	    bss	    dec	    hex	filename
   5316	     92	   1900	   7308	   1c8c	12_timers.elf
Finished building: default.size.stdout
 
Finished building: 12_timers.list
 

10:16:34 Build Finished. 0 errors, 0 warnings. (took 648ms)

