10:43:02 **** Build of configuration Debug for project 13_output_compare ****
make -j11 all 
arm-none-eabi-gcc "../Src/main.c" -mcpu=cortex-m4 -std=gnu11 -g3 -DDEBUG -DNUCLEO_F411RE -DSTM32 -DSTM32F4 -DSTM32F411RETx -DSTM32F411xE -c -I../Inc -I/Users/garrettfalast/STM/chip_headers/CMSIS/Device/ST/STM32F4xx/Include -I/Users/garrettfalast/STM/chip_headers/CMSIS/Include -O0 -ffunction-sections -fdata-sections -Wall -fstack-usage -fcyclomatic-complexity -MMD -MP -MF"Src/main.d" -MT"Src/main.o" --specs=nano.specs -mfpu=fpv4-sp-d16 -mfloat-abi=hard -mthumb -o "Src/main.o"
arm-none-eabi-gcc "../Src/tim.c" -mcpu=cortex-m4 -std=gnu11 -g3 -DDEBUG -DNUCLEO_F411RE -DSTM32 -DSTM32F4 -DSTM32F411RETx -DSTM32F411xE -c -I../Inc -I/Users/garrettfalast/STM/chip_headers/CMSIS/Device/ST/STM32F4xx/Include -I/Users/garrettfalast/STM/chip_headers/CMSIS/Include -O0 -ffunction-sections -fdata-sections -Wall -fstack-usage -fcyclomatic-complexity -MMD -MP -MF"Src/tim.d" -MT"Src/tim.o" --specs=nano.specs -mfpu=fpv4-sp-d16 -mfloat-abi=hard -mthumb -o "Src/tim.o"
arm-none-eabi-gcc -o "13_output_compare.elf" @"objects.list"   -mcpu=cortex-m4 -T"/Users/garrettfalast/STM/13_output_compare/STM32F411RETX_FLASH.ld" --specs=nosys.specs -Wl,-Map="13_output_compare.map" -Wl,--gc-sections -static --specs=nano.specs -mfpu=fpv4-sp-d16 -mfloat-abi=hard -mthumb -Wl,--start-group -lc -lm -Wl,--end-group
Finished building target: 13_output_compare.elf
 
arm-none-eabi-size  13_output_compare.elf 
arm-none-eabi-objdump -h -S 13_output_compare.elf  > "13_output_compare.list"
   text	   data	    bss	    dec	    hex	filename
    824	      0	   1568	   2392	    958	13_output_compare.elf
Finished building: default.size.stdout
 
Finished building: 13_output_compare.list
 

10:43:03 Build Finished. 0 errors, 0 warnings. (took 672ms)

