23:43:11 **** Incremental Build of configuration Debug for project 20_uart_tx_dma ****
make -j11 all 
arm-none-eabi-gcc "../Src/main.c" -mcpu=cortex-m4 -std=gnu11 -g3 -DDEBUG -DNUCLEO_F411RE -DSTM32 -DSTM32F4 -DSTM32F411RETx -DSTM32F411xE -c -I../Inc -I/Users/garrettfalast/STM/chip_headers/CMSIS/Device/ST/STM32F4xx/Include -I/Users/garrettfalast/STM/chip_headers/CMSIS/Include -O0 -ffunction-sections -fdata-sections -Wall -fstack-usage -fcyclomatic-complexity -MMD -MP -MF"Src/main.d" -MT"Src/main.o" --specs=nano.specs -mfpu=fpv4-sp-d16 -mfloat-abi=hard -mthumb -o "Src/main.o"
arm-none-eabi-gcc "../Src/uart.c" -mcpu=cortex-m4 -std=gnu11 -g3 -DDEBUG -DNUCLEO_F411RE -DSTM32 -DSTM32F4 -DSTM32F411RETx -DSTM32F411xE -c -I../Inc -I/Users/garrettfalast/STM/chip_headers/CMSIS/Device/ST/STM32F4xx/Include -I/Users/garrettfalast/STM/chip_headers/CMSIS/Include -O0 -ffunction-sections -fdata-sections -Wall -fstack-usage -fcyclomatic-complexity -MMD -MP -MF"Src/uart.d" -MT"Src/uart.o" --specs=nano.specs -mfpu=fpv4-sp-d16 -mfloat-abi=hard -mthumb -o "Src/uart.o"
arm-none-eabi-gcc -o "20_uart_tx_dma.elf" @"objects.list"   -mcpu=cortex-m4 -T"/Users/garrettfalast/STM/20_uart_tx_dma/STM32F411RETX_FLASH.ld" --specs=nosys.specs -Wl,-Map="20_uart_tx_dma.map" -Wl,--gc-sections -static --specs=nano.specs -mfpu=fpv4-sp-d16 -mfloat-abi=hard -mthumb -Wl,--start-group -lc -lm -Wl,--end-group
Finished building target: 20_uart_tx_dma.elf
 
arm-none-eabi-size  20_uart_tx_dma.elf 
arm-none-eabi-objdump -h -S 20_uart_tx_dma.elf  > "20_uart_tx_dma.list"
   text	   data	    bss	    dec	    hex	filename
   1460	      0	   1568	   3028	    bd4	20_uart_tx_dma.elf
Finished building: default.size.stdout
 
Finished building: 20_uart_tx_dma.list
 
23:43:14 **** Incremental Build of configuration Debug for project 20_uart_tx_dma ****
make -j11 all 
arm-none-eabi-size  20_uart_tx_dma.elf 
   text	   data	    bss	    dec	    hex	filename
   1460	      0	   1568	   3028	    bd4	20_uart_tx_dma.elf
Finished building: default.size.stdout
 
